npm warn Unknown env config "http-proxy". This will stop working in the next major version of npm.
07:53:57 [types] Generated 75ms
07:53:57 [build] output: "static"
07:53:57 [build] mode: "static"
07:53:57 [build] directory: /workspace/scratch/eaf9b25b33fe/kleines-schaeferrad/dist/
07:53:57 [build] Collecting build info...
07:53:57 [build] ✓ Completed in 116ms.
07:53:57 [build] Building static entrypoints...
07:53:58 [vite] ✓ built in 388ms
07:53:58 [WARN] [vite] [plugin builtin:vite-reporter] 
(!) Some chunks are larger than 500 kB after minification. Consider:
- Using dynamic import() to code-split the application
- Use build.rolldownOptions.output.codeSplitting to improve chunking: https://rolldown.rs/reference/OutputOptions.codeSplitting
- Adjust chunk size limit for this warning via build.chunkSizeWarningLimit.
07:53:58 [vite] ✓ built in 315ms
07:53:58 [build] Rearranging server assets...

 generating static routes 
07:53:58   ├─ /feld/index.html (+16ms) 
07:53:58   ├─ /werkstatt/index.html (+3ms) 
07:53:58   ├─ /index.html (+20ms) 
07:53:58 ✓ Completed in 50ms.

 generating optimized images 
07:53:58   ▶ /_astro/IMG_6858.BpdSKe7f_ZSXckl.webp (reused cache entry) (+1ms) (1/3)
07:53:58   ▶ /_astro/IMG_6858.BpdSKe7f_PPje9.webp (reused cache entry) (+0ms) (2/3)
07:53:58   ▶ /_astro/IMG_6858.BpdSKe7f_6R4o5.webp (reused cache entry) (+0ms) (3/3)
07:53:58 ✓ Completed in 4ms.

07:53:58 [build] ✓ Completed in 811ms.
07:53:58 [build] 3 page(s) built in 933ms
07:53:58 [build] Complete!
