npm warn Unknown env config "http-proxy". This will stop working in the next major version of npm.

> kleines-schaeferrad-research-page@0.1.0 build
> npm run prepare:workbench && npm run prepare:field && astro build && node scripts/build-offline.mjs

npm warn Unknown env config "http-proxy". This will stop working in the next major version of npm.

> kleines-schaeferrad-research-page@0.1.0 prepare:workbench
> node scripts/build-workbench.mjs

Prepared 43 raw evidence assets and 5 A3 review sheets from shared geometry.
npm warn Unknown env config "http-proxy". This will stop working in the next major version of npm.

> kleines-schaeferrad-research-page@0.1.0 prepare:field
> node scripts/build-field-sketches.mjs && python scripts/build-field-pack.py

Generated 38 A3 pages and one A4 leadership sheet from 21 canonical tasks
15:14:27 [types] Generated 45ms
15:14:27 [build] output: "static"
15:14:27 [build] mode: "static"
15:14:27 [build] directory: /workspace/scratch/535d03b975b5/field-kit/dist/
15:14:27 [build] Collecting build info...
15:14:27 [build] ✓ Completed in 84ms.
15:14:27 [build] Building static entrypoints...
15:14:28 [vite] ✓ built in 251ms
15:14:28 [WARN] [vite] [plugin builtin:vite-reporter] 
(!) Some chunks are larger than 500 kB after minification. Consider:
- Using dynamic import() to code-split the application
- Use build.rolldownOptions.output.codeSplitting to improve chunking: https://rolldown.rs/reference/OutputOptions.codeSplitting
- Adjust chunk size limit for this warning via build.chunkSizeWarningLimit.
15:14:28 [vite] ✓ built in 223ms
15:14:28 [build] Rearranging server assets...

 generating static routes 
15:14:28   ├─ /feld/index.html (+8ms) 
15:14:28   ├─ /werkstatt/index.html (+2ms) 
15:14:28   ├─ /index.html (+14ms) 
15:14:28 ✓ Completed in 35ms.

 generating optimized images 
15:14:28   ▶ /_astro/IMG_6831.BZ7QJ-v0_2hU7nG.webp (reused cache entry) (+1ms) (1/17)
15:14:28   ▶ /_astro/IMG_6858.BpdSKe7f_Z22Op1M.webp (reused cache entry) (+1ms) (2/17)
15:14:28   ▶ /_astro/IMG_6854.WBDaguuY_ZEU0TU.webp (reused cache entry) (+1ms) (3/17)
15:14:28   ▶ /_astro/ply-spatial.yYwngt9x_d3DgU.webp (reused cache entry) (+1ms) (4/17)
15:14:28   ▶ /_astro/IMG_6861.DT2sdUtb_ZmmrGt.webp (reused cache entry) (+1ms) (5/17)
15:14:28   ▶ /_astro/IMG_6854.WBDaguuY_Zlaqcr.webp (reused cache entry) (+1ms) (6/17)
15:14:28   ▶ /_astro/IMG_6858.BpdSKe7f_Z1Unce2.webp (reused cache entry) (+1ms) (7/17)
15:14:28   ▶ /_astro/IMG_6831.BZ7QJ-v0_Z2swqHL.webp (reused cache entry) (+1ms) (8/17)
15:14:28   ▶ /_astro/ply-spatial.yYwngt9x_Zp7mRq.webp (reused cache entry) (+1ms) (9/17)
15:14:28   ▶ /_astro/IMG_6861.DT2sdUtb_Z1KBXoh.webp (reused cache entry) (+1ms) (10/17)
15:14:28   ▶ /_astro/IMG_6854.WBDaguuY_Z1lugBL.webp (reused cache entry) (+1ms) (11/17)
15:14:28   ▶ /_astro/IMG_6858.BpdSKe7f_PPje9.webp (reused cache entry) (+1ms) (12/17)
15:14:28   ▶ /_astro/ply-spatial.yYwngt9x_Z1FbNOn.webp (reused cache entry) (+1ms) (13/17)
15:14:28   ▶ /_astro/IMG_6861.DT2sdUtb_130SGW.webp (reused cache entry) (+1ms) (14/17)
15:14:28   ▶ /_astro/IMG_6831.BZ7QJ-v0_ZY5DSM.webp (reused cache entry) (+1ms) (15/17)
15:14:28   ▶ /_astro/IMG_6861.DT2sdUtb_1k5gwo.webp (reused cache entry) (+0ms) (16/17)
15:14:28   ▶ /_astro/IMG_6858.BpdSKe7f_6R4o5.webp (reused cache entry) (+1ms) (17/17)
15:14:28 ✓ Completed in 4ms.

15:14:28 [build] ✓ Completed in 547ms.
15:14:28 [build] 3 page(s) built in 636ms
15:14:28 [build] Complete!
Offline shell: 88 files, 38474033 bytes
